<?xml version="1.0" encoding="utf-8"?><testsuite errors="0" failures="0" name="pytest" skips="0" tests="11" time="4.363"><testcase classname="idf-tags.tests.test_cli.TestHelp" file="idf-tags/tests/test_cli.py" line="17" name="test_help" time="0.10646581649780273"></testcase><testcase classname="idf-tags.tests.test_cli.TestHelp" file="idf-tags/tests/test_cli.py" line="27" name="test_recursive_and_path" time="0.09978437423706055"></testcase><testcase classname="idf-tags.tests.test_cli.TestVersion" file="idf-tags/tests/test_cli.py" line="47" name="test_version_short" time="0.046006202697753906"></testcase><testcase classname="idf-tags.tests.test_cli.TestVersion" file="idf-tags/tests/test_cli.py" line="54" name="test_version_long" time="0.04631161689758301"></testcase><testcase classname="idf-tags.tests.test_cli.TestIdfTagsCLI" file="idf-tags/tests/test_cli.py" line="97" name="test_without_recursive" time="0.05437302589416504"></testcase><testcase classname="idf-tags.tests.test_cli.TestIdfTagsCLI" file="idf-tags/tests/test_cli.py" line="105" name="test_with_recursive" time="0.06401395797729492"></testcase><testcase classname="idf-tags.tests.test_cli.TestIdfTagsCLI" file="idf-tags/tests/test_cli.py" line="113" name="test_with_path" time="0.05063986778259277"></testcase><testcase classname="idf-tags.tests.test_idftags.TestIdfTags" file="idf-tags/tests/test_idftags.py" line="19" name="test_lint_and_tag_file" time="0.003956317901611328"></testcase><testcase classname="idf-tags.tests.test_idftags.TestIdfTags" file="idf-tags/tests/test_idftags.py" line="53" name="test_not_ref_class_up_to_date" time="3.72940731048584"></testcase><testcase classname="idf-tags.tests.test_idftags.TestIdfTags" file="idf-tags/tests/test_idftags.py" line="63" name="test_tags_idf_not_idf" time="0.0013089179992675781"></testcase><testcase classname="idf-tags.tests.test_idftags.TestIdfTags" file="idf-tags/tests/test_idftags.py" line="70" name="test_tags_idf_bad_idf" time="0.0008668899536132812"></testcase></testsuite>